// Jest Snapshot v1, https://goo.gl/fbAQLP

exports[`<ProfileImage /> renders correctly 1`] = `
<View
  onPress={[Function]}
>
  <Image
    source={
      Object {
        "uri": "testUrl",
      }
    }
    style={
      Object {
        "borderColor": "#7f8c8d",
        "borderRadius": 50,
        "borderWidth": 1,
        "height": 50,
        "width": 50,
      }
    }
  />
</View>
`;
